03e8 AOX Inc.
	03e80008	unknown	unknown	101 Ethernet [klsi]
03e9 Thesys Microelectronics
03ea Data Broadcasting Corp.
03eb Atmel Corp.
03ec Iwatsu America Inc.
03ed Mitel Corp.
03ee Mitsumi
	03ee0000	unknown	unknown	CD-R/RW Drive
03f0 Hewlett-Packard
	03f00101	scanner	unknown	ScanJet 4100c
	03f00102	unknown	unknown	PhotoSmart S20
	03f00104	printer	unknown	DeskJet 880c
	03f00105	scanner	unknown	ScanJet 4200c
	03f00107	unknown	unknown	CD-Writer Plus
	03f00201	scanner	unknown	ScanJet 6200c
	03f00202	unknown	unknown	PhotoSmart S20
	03f00205	scanner	unknown	ScanJet 3300c
	03f00207	unknown	unknown	CD-Writer Plus Mesa
	03f00304	printer	unknown	DeskJet 810c/812c
	03f00401	scanner	unknown	ScanJet 5200c
	03f00404	printer	unknown	DeskJet 830c/832c
	03f00601	scanner	unknown	ScanJet 6300c
	03f00604	printer	unknown	DeskJet 840c
	03f01004	printer	unknown	DeskJet 970c/970cse
	03f03102	unknown	unknown	PhotoSmart P1100 Printer w/ Card Reader
03f1 Genoa Technology
03f2 Oak Technology, Inc.
03f3 Adaptec, Inc.
03f4 Diebold, Inc.
03f5 Siemens Electromechanical
03f8 Epson Imaging Technology Center
03f9 KeyTronic Corp.
03fb OPTi Inc.
03fc Elitegroup Computer Systems
03fd Xilinx Inc.
03fe Farallon Comunications
0400 National Semiconductor
0401 National Registry Inc.
0402 Acer Labs Inc.
0403 Future Technology Devices
	04030000	unknown	unknown	H4SMK 7 Port Multifunction Hub
	04038371	mouse	unknown	PS/2 Keyboard And Mouse
	04038372	unknown	unknown	FT8U100AX Serial Port
0404 NCR Corp.
0405 inSilicon
0406 Fujitsu-ICL Computers
0407 Fujitsu Personal Systems, Inc.
0408 Quanta Computer Inc.
0409 NEC Systems
	04090012	isdn	ignore	ATerm IT75DSU ISDN TA
	040955aa	unknown	unknown	Hub
	040955ab	unknown	unknown	Hub [iMac kbd]
	0409f0be	unknown	unknown	P!cty 920 [HP DJ 812c]
040a Kodak Co.
	040a0001	unknown	unknown	DVC-323
	040a0002	unknown	unknown	DVC-325
	040a0100	unknown	unknown	DC-220
	040a0110	unknown	unknown	DC-260
	040a0111	unknown	unknown	DC-265
	040a0112	unknown	unknown	DC-290
	040a0120	unknown	unknown	DC-240
	040a0130	unknown	unknown	DC-280
040b Weltrend Semiconductor
040c VTech Computers Ltd.
040d VIA Technologies, Inc.
040e MCCI
040f Echo Speech Corp.
0411 Melco, Inc.
	04110001	unknown	unknown	LUA-TX Ethernet [pegasus]
0412 Award Software International
0413 Leadtek Research Inc.
0414 Giga-Byte Technology Co., Ltd.
0416 Winbond Electronics Corp.
	041626ef	webcam	unknown	WC9967CF WebCam IC
	04165518	unknown	unknown	Hub
	0416551a	unknown	unknown	PC Sync Keypad
	0416551b	unknown	unknown	PC Async Keypad
	0416551c	unknown	unknown	Sync Tenkey
	0416551d	unknown	unknown	Async Tenkey
	0416551e	unknown	unknown	Keyboard
	0416551f	unknown	unknown	Keyboard w/ Sys and Media
	04165521	unknown	unknown	Keyboard
	04166481	scanner	unknown	16-bit Scanner
0417 Symbios Logic
0418 AST Research
0419 Samsung Info. Systems America Inc.
041a Phoenix Technologies, Ltd.
041b d'TV
041d S3, Inc.
041e Creative Labs
041f LCS Telegraphics
0420 Chips and Technologies
0421 Nokia Mobile Phones
0422 ADI Systems Inc.
0423 Computer Access Technology Corp.
	0423000a	ethernet	unknown	NetMate Ethernet
	0423000c	ethernet	unknown	NetMate2 Ethernet
	0423000d	unknown	unknown	USB Chief Analyzer
	04231237	unknown	unknown	Andromeda Hub
0424 Standard Microsystems Corp.
0425 Motorola Semiconductors HK, Ltd.
0426 Integrated Device Technology
0427 Motorola Electronics Taiwan Ltd.
0428 Advanced Gravis Computer Tech. Ltd.
	04284001	unknown	unknown	GamePad Pro
0429 Cirrus Logic
042a Ericsson Austrian, AG
042b Intel Corp.
042c Innovative Semiconductors, Inc.
042d Micronics
042e Acer, Inc.
042f Molex, Inc.
0430 Sun Microsystems
	04300005	unknown	unknown	Type 6 Keyboard
0431 Itac Systems, Inc.
0432 Unisys Corp.
0433 Alps Electric Inc.
0434 Samsung Info. Systems America Inc.
0435 Hyundai Electronics America
0436 Taugagreining HF
0437 Framatome Connectors USA
0438 Advanced Micro Devices
0439 Voice Technologies Group
043d Lexmark International Inc.
	043d0002	printer	unknown	Optra E310 Printer
	043d0009	printer	unknown	Optra S2450 Printer
	043d0020	printer	unknown	Z51 Printer
043e LG Electronics USA Inc.
043f RadiSys Corp.
0440 Eizo Nanao Corp.
0441 Winbond Systems Lab.
0442 Ericsson Inc.
0443 Gateway 2000
0445 Lucent Technologies
0446 NMB Technologies, Inc.
0447 Momentum Microsystems
044a Shamrock Tech. Co., Ltd.
044b WSI
044c CCL/ITRI
044d Siemens Nixdorf
044e Alps Electric Co.
	044e2002	printer	unknown	MD-5500 Printer
044f ThrustMaster, Inc.
	044fa0a3	unknown	unknown	Fusion Digital GamePad
0450 DFI Inc.
0451 Texas Instruments
	04511446	unknown	unknown	TUSB2040 Hub
0452 Mitsubishi Electronics America, Inc.
0453 CMD Technology
0454 Vobis Microcomputer AG
0455 Telematics International, Inc.
0456 Analog Devices, Inc.
0457 Silicon Integrated Systems Corp.
0458 KYE Systems Corp.(Mouse Systems)
	04580001	mouse	unknown	Mouse
	04580002	mouse	unknown	Genius NetMouse Pro
	04580100	unknown	unknown	EasyPen Tablet
	04581004	unknown	unknown	Flight2000 F-23 Joystick
	04582001	unknown	unknown	ColorPage-Vivid Pro Scanner
0459 Adobe Systems, Inc.
045a Diamond Multimedia Systems
	045a0b68	modem	unknown	SupraMax 56K Modem
045b Hitachi, Ltd.
045d Nortel Networks
045e Microsoft Corp.
	045e0008	unknown	unknown	SideWinder Precision Pro
	045e0009	mouse	unknown	IntelliMouse
	045e000b	unknown	unknown	Natural Keyboard Elite
	045e0014	unknown	unknown	Digital Sound System 80
	045e001e	mouse	unknown	IntelliMouse Explorer
	045e001d	unknown	unknown	Natural Keyboard Pro
	045e001a	unknown	unknown	SideWinder Precision Racing Wheel
	045e0025	mouse	unknown	IntelliEye Mouse
	045e0026	unknown	unknown	SideWinder GamePad Pro
	045e0027	unknown	unknown	SideWinger PnP GamePad
0460 Ace Cad Enterprise Co., Ltd.
0461 Primax Electronics
	04610300	scanner	unknown	G2-300 Scanner
	04610301	scanner	unknown	G2E-300 Scanner
	04610302	scanner	unknown	G2-300 #2 Scanner
	04610303	scanner	unknown	G2E-300 #2 Scanner
	04610340	scanner	unknown	Colorado 9600 Scanner
	04610341	scanner	unknown	Colorado 600u Scanner
	04610360	scanner	unknown	Colorado 19200 Scanner
	04610361	scanner	unknown	Colorado 1200u Scanner
	04610380	scanner	unknown	G2-600 Scanner
	04610381	scanner	unknown	ReadyScan 636i Scanner
	04610382	scanner	unknown	G2-600 #2 Scanner
	04610383	scanner	unknown	G2E-600 Scanner
	04614d01	unknown	unknown	Comfort
	04614d02	mouse	unknown	Mouse-in-a-Box
0463 MGE UPS Systems
0464 AMP Incorporated
0467 AT&T Paradyne
0468 Wieson Electronic Co., Ltd.
046a Cherry Mikroschalter GmbH
	046a0001	unknown	unknown	My3000 Keyboard
	046a0003	unknown	unknown	My3000 Hub
046b American Megatrends
046c Toshiba Corp., Digital Media Equipment
046d Logitech Inc.
	046d0203	unknown	unknown	M2452 keyboard
	046d0301	mouse	unknown	M4848 mouse
	046d0801	webcam	unknown	QuickCam Home
	046d0810	webcam	unknown	QuickCam Pro
	046d0840	webcam	unknown	QuickCam Express
	046dc000	mouse	unknown	N43 [Pilot Mouse]
	046dc001	mouse	unknown	N48 / M-BB48 [FirstMouse Plus]
	046dc002	mouse	unknown	M-BA47 [MouseMan Plus]
	046dc004	mouse	unknown	WingMan Gaming Mouse
	046dc208	joystick	unknown	WingMan GamePad Extreme
	046dc281	joystick	unknown	WingMan Force Joystick
046e Behavior Tech. Computer
	046e6782	unknown	unknown	BTC 7932 keyboard
046f Crystal Semiconductor
0471 Philips
	04710101	unknown	unknown	DSS350 Digital Speaker System
	04710104	unknown	unknown	UDA1321 Digital Speaker System
	04710201	unknown	unknown	Hub
	04710302	webcam	unknown	PCA645VC WebCam
	04710303	webcam	unknown	PCA646VC WebCam
	04710307	webcam	unknown	PCVC675K WebCam
	04710308	webcam	unknown	PCVC680K WebCam
	04710471	unknown	unknown	Digital Speaker System
0472 Sun Microsystems
0473 Sanyo Information Business Co., Ltd.
0474 Sanyo Electric Co. Ltd.
0475 Relisys/Teco Information System
0476 AESP
0477 Seagate Technology
0478 Connectix Corp.
	04780001	webcam	unknown	QuickCam
0479 Advanced Peripheral Laboratories
047a USAR Systems
047b Silitek Corp.
	047b0002	joystick	unknown	Joystick (?)
047c Dell Computer Corp.
047d Kensington
	047d1003	unknown	unknown	Orbit TrackBall
	047d1005	unknown	unknown	TurboBall
047e Lucent Microelectronics
	047e1001	unknown	unknown	USS720 Parallel Port
	047ef101	modem	unknown	Atlas Modem
047f Plantronics, Inc.
0480 Toshiba America Info. Systems, Inc.
0481 Zenith Data Systems
0482 Kyocera Electronics, Inc.
0483 SGS Thomson Microelectronics
	04837554	modem	unknown	56k SoftModem
0484 Specialix
0485 Nokia Monitors
0486 ASUS Computers Inc.
0487 Stewart Connector
0488 Cirque Corp.
0489 Foxconn / Hon Hai
048a S-MOS Systems, Inc.
048c Alps Electric Ireland Ltd.
048d Integrated Technology Express
048f Eicon Tech.
0490 United Microelectronics Corp.
0491 Capetronic
0492 Samsung SemiConductor, Inc.
0493 MAG Technology Co., Ltd.
0495 ESS Technology, Inc.
0496 Micron Electronics
0497 Smile International
0498 Capetronic (Kaohsiung) Corp.
0499 Yamaha Corp.
049a Gandalf Technologies Ltd.
049b Curtis Computer Products
049c Acer Advanced Labs, Inc.
	049c0002	unknown	unknown	Keyboard (???)
049d VLSI Technology
049f Compaq Computer Corp.
04a0 Digital Equipment Corp.
04a1 SystemSoft Corp.
04a2 FirePower Systems
04a3 Trident Microsystems Inc.
04a4 Hitachi, Ltd.
04a5 Acer Peripherals Inc.
	04a50001	unknown	unknown	Keyboard
	04a512a6	scanner	unknown	AcerScan C310U
	04a52060	scanner	unknown	Prisa AcerScan
	04a59213	unknown	unknown	Kbd Hub
04a6 Nokia Display Products
04a7 Visioneer
	04a70221	scanner	unknown	OneTouch 5300 Scanner
	04a70222	scanner	unknown	OneTouch 7600 Scanner
	04a70231	scanner	unknown	6100 Scanner
04a8 Multivideo Labs, Inc.
04a9 Canon Inc.
	04a91051	printer	unknown	BJC-3000 Color Printer
	04a93041	unknown	unknown	PowerShot S10
04aa DaeWoo Telecom, Ltd.
04ab Chromatic Research
04ac Micro Audiometrics Corp.
04ad Dooin Electronics
04af Winnov L.P.
04b0 Nikon Corp.
04b1 Pan International
04b3 IBM Corp.
	04b34525	unknown	unknown	Double sided CRT
	04b34550	unknown	unknown	NVRAM (128 KB)
	04b34554	unknown	unknown	Cash Drawer
	04b34580	unknown	unknown	Hub w/ NVRAM
	04b34581	unknown	unknown	4800-2xx Hub w/ Cash Drawer
	04b34604	unknown	unknown	Keyboard w/ Card Reader
	04b34671	unknown	unknown	4820 LCD w/ MSR/KB
04b4 Cypress Semiconductor
	04b40001	mouse	unknown	Mouse
	04b40002	unknown	unknown	CY7C63x0x Thermometer
	04b41002	unknown	unknown	CY7C63001 R100 FM Radio
	04b4d5d5	unknown	unknown	CY7C63x0x Zoltrix Z-Boxer GamePad
04b5 ROHM LSI Systems, Inc.
04b6 Hint Corp.
04b7 Compal Electronics, Inc.
04b8 Seiko Epson Corp.
	04b80001	printer	unknown	Stylus Color 740
	04b80002	unknown	unknown	ISD Smart Cable for Mac
	04b80003	unknown	unknown	ISD Smart Cable
	04b80005	printer	unknown	Stylus Color 760 / M800C / Photo 870
	04b80101	unknown	unknown	Perfection 636
	04b80103	unknown	unknown	Perfection 610
	04b80104	unknown	unknown	Perfection 1200
04b9 Rainbow Technologies, Inc.
04ba Toucan Systems Ltd.
04bb I-O Data Device, Inc.
	04bb0904	unknown	unknown	ET/TX Ethernet [pegasus]
04bd Toshiba Electronics Taiwan Corp.
04be Telia Research AB
04bf TDK Corp.
	04bf0100	unknown	unknown	MediaReader CF
04c1 U.S. Robotics (3Com)
	04c10082	unknown	unknown	OfficeConnect Analog Modem
	04c1008f	isdn	ignore	Pro ISDN TA
	04c1009d	webcam	unknown	HomeConnect WebCam
	04c13021	modem	unknown	56k Voice FaxModem Pro
04c2 Methode Electronics Far East PTE Ltd.
04c3 Maxi Switch, Inc.
04c4 Lockheed Martin Energy Research
04c5 Fujitsu Ltd.
04c6 Toshiba America Electronic Components
04c7 Micro Macro Technologies
04c8 Konica Corp.
	04c80720	unknown	unknown	Digital Color Camera
04ca Lite-On Technology Corp.
04cb Fuji Photo Film Co., Ltd.
	04cb0100	unknown	unknown	FinePix 4700 Zoom / FinePix 1400z digital camrea
	04cb0103	printer	unknown	FinePix NX-700 printer
04cc Philips Semiconductors
04cd Tatung Co. Of America
04ce ScanLogic Corp.
04cf Myson Technology Inc.
04d0 Digi International
04d1 ITT Canon
04d2 Altec Lansing Technologies
	04d2ff05	unknown	unknown	ADA-305 Speakers
04d3 VidUS, Inc.
04d4 LSI Logic Corp.
04d5 Forte Technologies, Inc.
04d6 Mentor Graphics
04d7 Oki Semiconductor
04d8 Microchip Technology Inc.
04d9 Holtek Semiconductor, Inc.
04da Panasonic (Matsushita)
04db Hypertec Pty Ltd.
04dc Huan Hsin Co.
04dd Sharp Corp.
04de MindShare, Inc.
04df Interlink Electronics
04e1 Iiyama North America Inc.
04e2 Exar Corp.
04e3 Zilog
04e4 ACC Microelectronics
04e5 Promise Technology
04e6 Shuttle Technology Inc.
	04e60001	unknown	unknown	E-USB ATA Bridge (Matsushita LS-120)
	04e60002	unknown	unknown	eUSCSI SCSI Bridge
	04e60006	unknown	unknown	eUSB MultiMedia Card Reader
	04e60101	unknown	unknown	E-USB ATA Bridge
04e7 Elo TouchSystems
04e8 Samsung Electronics Co., Ltd.
04e9 PC-Tel Inc.
04ea Brooktree Corp.
04eb Northstar Systems, Inc.
04ec Tokyo Electron Limited
04ed Annabooks
04ef Pacific Electronic International, Inc.
04f0 Daewoo Electronics Co., Ltd.
04f1 Victor Company of Japan
04f2 Chicony Electronics Co., Ltd.
	04f20001	unknown	unknown	KU-8933 Keyboard
	04f20002	unknown	unknown	NT68P81 Keyboard
04f3 Elan Microelectronics Corportation
04f4 Harting Elektronik Inc.
04f5 Fujitsu-ICL Systems, Inc.
04f6 Norand Corp.
04f7 Newnex Technology Corp.
04f8 FuturePlus Systems
04f9 Brother Industries, Ltd.
	04f90002	printer	unknown	HL-1050 Laser Printer
04fa Dallas Semiconductor
	04fa4201	unknown	unknown	DS4201 Audio DAC
04fb Biostar Microtech Int'l Corp.
04fc Sunplus Technology Co.
04fd Soliton Systems, K.K.
04fe PFU Limited
04ff E-CMOS Corp.
0500 Siam United Hi-Tech
0501 DDK Electronics, Inc.
0502 Acer, Inc.
0503 Hitachi America Ltd.
0504 Hayes Microcomputer Products
0506 3Com Corp.
	050603e8	ethernet	unknown	3C19250 Ethernet [klsi]
0507 Hosiden Corp.
0508 Clarion Co., Ltd.
0509 Aztech Systems Ltd.
050a Cinch Connectors
050b Cable System International
050c InnoMedia, Inc.
050d Belkin Components
050e Neon Technology, Inc.
050f KC Technology Inc.
	050f0003	unknown	unknown	KC82C160S Hub
0510 Sejin Electron Inc.
0511 N'Able (DataBook) Technologies, Inc. 
0512 Hualon Microelectronics Corp.
0513 digital-X, Inc.
0514 FCI/Berg Electronics Group
0515 ACTC
0516 Longwell Electronics
0517 Butterfly Communications
0518 EzKEY Corp.
0519 Star Micronics Co., Ltd.
051a WYSE Technology
051b Silicon Graphics
051c Shuttle Inc.
051d American Power Conversion
	051d0002	unknown	unknown	Back-UPS Pro 500
051e Scientific Atlanta
051f IO Systems (Elite Electronics), Inc.
0520 Taiwan Semiconductor Manufacturing Co.
0521 Airborn Connectors
0522 Advanced Connectek USA Inc.
0523 ATEN GmbH
0524 Sola Electronics
0525 Netchip Technology Inc.
	05251080	unknown	unknown	NET1080 USB-USB Bridge
0526 Temic MHS S.A.
0527 ALTRA
0528 ATI Technologies, Inc.
0529 Aladdin Knowledge Systems
	05290001	unknown	unknown	USB-HASP 0.06
052a Crescent Heart Software
052b Tekom Technologies, Inc.
052c Canon Information System
052d Avid Electronics Corp.
052e Standard Microsystems Corp.
052f Unicore Software, Inc.
0530 American Microsystems Inc.
0531 Wacom Technology Corp.
0532 Systech Corp.
0533 Alcatel Mobile Phones
0534 Motorola
0535 LIH TZU Electric Co., Ltd.
0536 Welch Allyn Inc.
0537 Inventec Corp.
0538 Santa Cruz Operation
0539 Shyh Shiun Terminals Co. Ltd.
053a Preh Werke GmbH & Co. KG
053b Global Village Communication
053c Institut of Microelectronic & Mechatronic Systems
053d Silicon Architect
053e Mobility Electronics
053f Synopsys, Inc.
0540 UniAccess AB
	05400101	isdn	ignore	Panache Surf ISDN TA
0541 Sirf Technology, Inc.
0543 ViewSonic Corp.
	054300fe	unknown	unknown	G773 Monitor Hub
	054300ff	unknown	unknown	P815 Monitor Hub
	05434153	unknown	unknown	ViewSonic G773 Control (?)
0544 Cristie Electronics Ltd.
0545 Xirlink, Inc.
	05458080	unknown	unknown	C-It WebCam
0546 Polaroid Corp.
0547 Anchor Chips Inc.
	05472131	unknown	unknown	AN2131 EZUSB Microcontroller
	05479999	unknown	unknown	AN2131 uninitialized (?)
0548 Tyan Computer Corp.
0549 Pixera Corp.
054a Fujitsu Microelectronics, Inc.
054b New Media Corp.
054c Sony Corp.
	054c0010	unknown	unknown	DSC-F505 Cybershot Digital Camera
054d Try Corp.
054e Proside Corp.
054f WYSE Technology Taiwan
0550 Fuji Xerox Co., Ltd.
0551 CompuTrend Systems, Inc.
0552 Philips Monitors
0553 VLSI Vision Ltd.
	05530002	unknown	unknown	CPiA WebCam
0554 Dictaphone Corp.
0555 ANAM S&T Co., Ltd.
0556 Asahi Kasei Microsystems Co., Ltd.
0557 ATEN International Co. Ltd.
	05572001	unknown	unknown	UC-1284 Printer Port
	05572002	ethernet	unknown	10Mbps Ethernet [klsi]
	05572006	unknown	unknown	UC-1284B Printer Port
	05574000	ethernet	unknown	DSB-650 10Mbps Ethernet [klsi]
0558 Truevision, Inc.
0559 Cadence Design Systems, Inc.
055a Kenwood USA
055b KnowledgeTek, Inc.
055c Proton Electronic Ind.
055d Samsung Electro-Mechanics Co.
055e CTX Opto-Electronics Corp.
055f Mustek Systems Inc.
	055f0001	scanner	unknown	ScanExpress 1200 CU
	055fa800	webcam	unknown	MDC 800 Camera
0560 Interface Co., Ltd.
0561 Oasis Design, Inc.
0562 Telex Communications Inc.
	05620001	unknown	unknown	Enhanced Microphone
0563 Immersion Corp.
0564 Chinon Industries, Inc.
0565 Peracom Networks, Inc.
	05650001	unknown	unknown	Serial Port
	05650002	ethernet	unknown	Enet Ethernet [klsi]
	05650005	ethernet	unknown	Enet2 Ethernet [klsi]
0567 Xyratex Int'l Ltd.
0568 Quartz Ingenierie
0569 SegaSoft
056a Wacom Co., Ltd.
	056a0000	unknown	unknown	PenPartner
	056a0010	unknown	unknown	Graphire
	056a0020	unknown	unknown	Intuos 4x5
	056a0021	unknown	unknown	Intuos 6x8
	056a0022	unknown	unknown	Intuos 9x12
	056a0023	unknown	unknown	Intuos 12x12
	056a0024	unknown	unknown	Intuos 12x18
056b Decicon Incorporated
056c eTEK Labs
	056c8007	unknown	unknown	Kwik232 Serial Port
	056c8101	unknown	unknown	KwikLink USB-USB Bridge
056d EIZO Corp.
	056d0000	unknown	unknown	Hub
	056d0001	unknown	unknown	Monitor
056e Elecom Co., Ltd.
	056e0002	mouse	unknown	29UO Mouse
	056e4002	unknown	unknown	Laneed 100Mbps Ethernet LD-USB/TX [pegasus]
056f Korea Data Systems Co., Ltd.
0570 Epson America
0571 Interex, Inc.
0572 Conexant Systems (Rockwell), Inc.
	05721232	unknown	unknown	V.90 modem
0573 Nogatech Ltd.
	05734d02	unknown	unknown	NT1003 Frame Grabber
	05734d11	unknown	unknown	NT1003 Frame Grabber
0574 City University of Hong Kong
0575 Philips Creative Display Solutions
0576 BAFO/Quality Computer Accessories
0577 ELSA
0578 Intrinsix Corp.
0579 GVC Corp.
057a Samsung Electronics America
057b Y-E Data, Inc.
	057b0000	unknown	unknown	FlashBuster-U Floppy
057c AVM GmbH
057d Shark Multimedia Inc.
057e Nintendo Co., Ltd.
057f QuickShot Limited
0580 Denron Inc.
0581 Racal Data Group
0582 Roland Corp.
0583 Padix (Rockfire) Co. Ltd.
	05832030	unknown	unknown	RM-203 USB Nest [mode 1]
	05832031	unknown	unknown	RM-203 USB Nest [mode 2]
	05832032	unknown	unknown	RM-203 USB Nest [mode 3]
	05832033	unknown	unknown	RM-203 USB Nest [mode 4]
	05833050	joystick	unknown	QF-305u Gamepad
	05837070	joystick	unknown	QF-707u Joystick [Bazooka]
0584 RATOC System Inc.
0585 FlashPoint Technology, Inc.
0586 ZyXEL Communications Corp.
	05861000	isdn	ignore	Omni NET ISDN TA
0587 America Kotobuki Electronics Ind.
0588 Sapien Design
0589 Victron
058a Nohau Corp.
058b Infineon Technologies
058c In Focus Systems
058d Micrel Semiconductor
058e Tripath Technology Inc.
058f Alcor Micro, Inc.
	058f9213	unknown	unknown	MacAlly Kbd Hub
	058f9215	unknown	unknown	AU9814 Hub
	058f9410	unknown	unknown	MicroConnectors/StrongMan Keyboard
	058f9472	unknown	unknown	NEC Kbd Hub
0590 Omron Corp.
0591 Questra Consulting
0592 Powerware Corp.
0593 Incite
0594 Princeton Graphic Systems
0595 Zoran Microelectronics Ltd.
0596 MicroTouch Systems Inc.
	05960001	unknown	unknown	Touchscreen
0597 Trisignal Communications
0598 Niigata Canotec Co., Inc.
0599 Brilliance Semiconductor Inc.
059a Spectrum Signal Processing Inc.
059b Iomega Corp.
	059b0001	floppy	unknown	Zip 100
	059b000b	floppy	unknown	Zip 100s
	059b0030	floppy	unknown	Zip 250
	059b0040	unknown	unknown	SCSI Bridge
059c A-Trend Technology Co., Ltd.
059d Advanced Input Devices
059e Intelligent Instrumentation
059f LaCie
	059fa601	unknown	unknown	HardDrive
05a0 Vetronix Corp.
05a1 USC Corp.
05a2 Fuji Film Microdevices Co. Ltd.
05a3 V Automation Inc.
05a4 Ortek Technology, Inc.
	05a49731	unknown	unknown	MCK-600W Keyboard
05a5 Sampo Technology Corp.
05a6 Cisco Systems
05a7 Bose Corp.
05a8 Spacetec IMC Corp.
05a9 OmniVision Technologies, Inc.
	05a90511	webcam	unknown	OV511 WebCam
	05a9a511	webcam	unknown	OV511+ WebCam
05aa Utilux South China Ltd.
05ab In-System Design
	05ab0002	unknown	unknown	Parallel Port
	05ab0200	unknown	unknown	ATA Bridge
05ac Apple Computer
	05ac0201	unknown	unknown	iMac Keyboard [ALPS M2452]
	05ac0301	mouse	unknown	iMac Mouse
05ad Y.C.Cable U.S.A., Inc.
05ae Synopsys, Inc.
05af Jing-Mold Enterprise Co., Ltd.
05b0 Fountain Technologies, Inc.
05b1 First International Computer, Inc.
05b4 LG Semicon Co., Ltd.
05b5 Dialogic Corp
05b6 Proxima Corp.
05b7 Medianix Semiconductor, Inc.
05b8 Agiler, Inc.
	05b83002	mouse	unknown	Scroll Mouse
05b9 Philips Research Laboratories
05ba DigitalPersona, Inc.
05bd RAFI GmbH & Co. KG
05be Raychem Corp.
05bf S & S Research
05c0 Keil Software
05c1 Kawasaki Steel
05c2 Media Phonics (Suisse) S.A.
05c5 Digi International Inc.
05c6 Qualcomm, Inc.
05c7 Qtronix Corp
	05c71001	mouse	unknown	Lynx Mouse
	05c72011	unknown	unknown	Scorpius Keyboard
05c8 Cheng Uei Precision Industry Co., Ltd.
05c9 Semtech Corp.
05ca Ricoh Company Ltd.
	05ca0101	unknown	unknown	RDC-5300 Digital Camera
05cb PowerVision Technologies Inc.
05cc ELSA AG
	05cc2219	isdn	ignore	MicroLink ISDN
	05cc2265	modem	ignore	MicroLink 56k
05cd Silicom Ltd.
05ce SICAN GmbH
05cf Sung Forn Co. Ltd.
05d0 Lunar Corp.
05d1 Brainboxes Limited
05d2 Wave Systems Corp.
05d6 Philips Semiconductors, CICT
05d7 Thomas & Betts
05d8 Ultima Electronics Corp.
05d9 Axiohm Transaction Solutions
05da Microtek International Inc.
	05da0093	scanner	ignore	ScanMaker V6USL
	05da0094	unknown	unknown	Phantom 336CX/C3
	05da0099	scanner	unknown	ScanMaker X6/X6U
	05da009a	unknown	unknown	Phantom C6
	05da00a0	unknown	unknown	Phantom 336CX/C3 (#2)
	05da80a3	scanner	ignore	ScanMaker V6USL (#2)
	05da80ac	scanner	ignore	ScanMaker V6UL/SpicyU
05dc Lexar Media, Inc.
05dd Delta Electronics Inc.
05e0 Symbol Technologies
05e3 Genesys Logic, Inc.
05e5 Fuji Electric Co., Ltd.
05e6 Keithley Instruments
05e9 Kawasaki LSI
	05e90008	ethernet	ignore	KL5KUSB101B Ethernet [klsi]
	05e90009	ethernet	ignore	Sony 10Mbps Ethernet [pegasus]
05eb FFC Limited
05ef Anko Electronic Co., Ltd.
05f0 Canopus Co., Ltd.
	05f00101	unknown	unknown	DA-Port DAC
05f2 Dexin Corp., Ltd.
05f3 PI Engineering, Inc.
	05f3020b	unknown	unknown	PS2 Adapter
05f5 Unixtar Technology Inc.
05f6 AOC International
05f7 RFC Distribution(s) PTE Ltd.
05f9 PSC Scanning, Inc.
05fa Siemens Telecommunications Systems Limited
05fc Harman Multimedia
05fd InterAct, Inc.
	05fd0253	unknown	unknown	ProPad 8 Digital
05fe Chic Technology Corp.
	05fe0001	mouse	unknown	Mouse
05ff LeCroy Corp.
0600 Barco Display Systems
0601 Jazz Hipster Corp.
0602 Vista Imaging Inc.
	06021001	webcam	unknown	ViCam WebCam
0603 Novatek Microelectronics Corp.
	06036871	mouse	unknown	Mouse
0604 Jean Co, Ltd.
0606 Royal Information Electronics Co., Ltd.
0607 Bridge Information Co., Ltd.
0609 SMK Manufacturing Inc.
060a Worthington Data Solutions, Inc.
060b Solid Year (?)
	060b0001	unknown	unknown	MacAlly Keyboard
	060b2101	unknown	unknown	Solid Year Keyboard
060c EEH Datalink GmbH
060f Joinsoon Electronics Mfg. Co., Ltd.
0611 Totoku Electric Co., Ltd.
0613 Ithaca Peripherals
0614 Bio-Rad Laboratories
0616 Future Techno Designs PVT. Ltd.
0618 MacAlly
	06180101	mouse	unknown	Mouse
0619 Seiko Instruments Inc.
061c Act Labs, Ltd.
061d Quatech, Inc.
061e Nissei Electric Co.
0620 Alaris, Inc.
0621 ODU-Steckverbindungssysteme GmbH & Co. KG
0624 Apex, Inc.
0626 Nippon Systems Development Co., Ltd.
0629 Zida Technologies Limited
062b Greatlink Electronics Taiwan
062d Taiwan Tai-Hao Enterprises Co. Ltd.
062e Mainsuper Enterprises Co., Ltd.
062f Sin Sheng Terminal & Machine Inc.
0634 Micron Technology, Inc.
0636 Sierra Imaging, Inc.
0638 Avision, Inc.
	06380268	scanner	unknown	iVina 1200U Scanner
063d Fong Kai Industrial Co., Ltd.
063f New Technology Cable Ltd.
0640 Hitex Development Tools
0641 Woods Industries, Inc.
0642 VIA Medical Corp.
0644 TEAC Corp.
0645 Who? Vision Systems, Inc.
0648 Inside Out Networks
064b White Mountain DSP, Inc.
064c Ji-Haw Industrial Co., Ltd.
064f WIBU-Systems AG
0651 Likom Technology Sdn. Bhd.
0652 Stargate Solutions, Inc.
0654 Granite Microsystems, Inc.
0655 Space Shuttle Hi-Fi Wire & Cable Industry Co, Ltd.
0656 Glory Mark Electronic Ltd.
0657 Tekcon American Corp.
065a Optoelectronics Co., Ltd.
065e Silicon Graphics
065f Good Way Industrial Co, Ltd & GWC Technology Inc.
0661 Hamamatsu Photonics K.K.
0663 Topmax Electronic Co., Ltd.
0668 WordWand
0669 Oce' Printing Systems GmbH
066a Total Technologies, Ltd.
066b Linksys Inc.
	066b0105	unknown	unknown	SCM eUSB SmartMedia Card Reader
	066b2202	ethernet	unknown	USB10T Ethernet [klsi]
	066b2203	ethernet	unknown	USB100TX Ethernet [pegasus]
	066b2204	ethernet	unknown	USB100TX Ethernet [pegasus]
	066b2206	ethernet	unknown	USB Ethernet [pegasus]
066e Acer Semiconductor America, Inc.
0672 Labtec Inc.
	06721041	unknown	unknown	LCS1040 Speaker System
0675 Draytech
	06750110	isdn	ignore	Vigor 128 ISDN TA
0676 Teles AG
0677 Aiwa Co., Ltd.
0678 ACard Technology Corp.
067b Prolific Technology, Inc.
	067b0000	unknown	unknown	PL2301 USB-USB Bridge
	067b0001	unknown	unknown	PL2302 USB-USB Bridge
067c Efficient Networks, Inc.
	067c4060	unknown	unknown	Alcatel Speedstream 4060 ADSL Modem
067d Hohner Corp.
067e Intermec
067f Virata Ltd.
0680 Avance Logic, Inc.
0681 Siemens Information and Communication Products
0686 Minolta Co., Ltd.
068a Pertech Inc.
068e CH Products, Inc.
	068e0500	unknown	unknown	GameStick 3D
	068e0504	unknown	unknown	F-16 Combat Stick
0690 Golden Bridge Electric Co., Ltd.
0693 Hagiwara Sys-Com
	06930002	unknown	unknown	FlashGate SmartMedia Card Reader
	06930003	unknown	unknown	FlasgGate CompactFlash Card Reader
0694 Lego Group
0698 Chuntex (CTX)
	06989999	unknown	unknown	VL710S Monitor+Hub
069a Askey Computer Corp.
	069a0001	unknown	unknown	WebCam
069b Thomson Consumer Electronics
069d Hughes Network Systems (HNS)
06a3 Saitek PLC
06a5 Divio
06aa Sysgration Ltd.
06ac Fujitsu PC Corp.
06ad Greatland Electronics Taiwan Ltd.
06ae Professional Multimedia Testing Centre
06b8 Pixela Corproation
06b9 Alcatel Telecom
06ba Smooth Cord & Connector Co., Ltd.
06bb EDA Inc.
06bc Oki Data Corp.
06bd AGFA-Gevaert NV
	06bd0001	scanner	unknown	SnapScan 1212U
	06bd0100	scanner	unknown	SnapScan Touch
	06bd2061	scanner	unknown	SnapScan 1212U (?)
06be Asia Microelectronic Development, Inc.
06bf Leoco Corp.
06c4 Bizlink International Corp.
06c5 Hagenuk, GmbH
06c6 Infowave Software Inc.
06c8 SIIG, Inc.
06c9 Taxan (Europe) Ltd.
06ca Newer Technology, Inc.
06cc Terayon Communication Systems
06cd Keyspan
	06cd0103	unknown	unknown	Keyspan PDA
	06cd0104	unknown	unknown	Keyspan PDA
06d1 Daewoo Electronics Co Ltd.
06d3 Mitsubishi Electric Corp.
06d6 Aashima Technology B.V.
06d7 Network Computing Devices (NCD)
06d8 Technical Marketing Research, Inc.
06da Phoenixtec Power Co., Ltd.
06db Paradyne
06dc Compeye Corp.
06de Heisei Electronics Co. Ltd.
06e0 Multi-Tech Systems, Inc.
	06e0f104	unknown	unknown	MT5634ZBA MultiModem 56k 
06e1 ADS Technologies, Inc.
	06e10008	ethernet	unknown	UBS-10BT Ethernet [klsi]
06e4 Alcatel Microelectronics
06e6 Tiger Jet Network, Inc.
06ea Sirius Technologies
	06ea0001	unknown	unknown	NetCom Roadster II 56k
06ef I.A.C. Geometrische Ingenieurs B.V.
06f0 T.N.C Industrial Co., Ltd.
06f1 Opcode Systems Inc.
06f2 Machkey
06f6 Wintrend Technology Co., Ltd.
06fa HSD S.r.L
06fd Boston Acoustics
06fe Gallant Computer, Inc.
0701 Supercomal Wire & Cable SDN. BHD.
0703 Bencent Tzeng Industry Co., Ltd.
0707 Standard Microsystems Corp
	07070100	ethernet	unknown	2202 Ethernet [klsi]
	07070200	ethernet	unknown	2202 Ethernet [pegasus]
0709 Silicon Systems Ltd. (SSL)
070a Oki Electric Industry Co., Ltd.
070d Comoss Electronic Co., Ltd.
0710 Connect Tech Inc.
	07100001	unknown	unknown	WhiteHeat (fake ID)
	07108001	unknown	unknown	WhiteHeat
0711 Magic Control Technology Corp.
	07110210	unknown	unknown	MCT1S Serial Port
0718 Imation Corp.
0719 Tremon Enterprises Co., Ltd.
071c Xionics Document Technologies, Inc.
071d Eicon Technology Corp.
0723 Centillium Communications Corp.
0726 Vanguard International Semiconductor-America
072f ACS, Ltd.
	072f0001	unknown	unknown	ACR20U SmartCard Reader
0733 ViewQuest Technologies, Inc.
	07330401	webcam	unknown	CS330 WebCam
	07330430	webcam	unknown	Intel Pro Share WebCam
0734 Lasat Communications A/S
	07340001	modem	unknown	560V Modem
0735 Asuscom Network
	0735c541	isdn	ignore	ISDN TA 280
0738 Mad Catz, Inc.
073b Suncom Technologies
0745 Syntech Information Co., Ltd.
0746 Onkyo Corp.
0747 Labway Corp.
0748 Strong Man Enterprise Co., Ltd.
0749 EVer Electronics Corp.
074a Ming Fortune Industry Co., Ltd.
074b Polestar Tech. Corp.
074c C-C-C Group PLC
074d Micronas Intermetall GmbH
074e Digital Stream Corp.
0755 Aureal Semiconductor
0763 Midiman
	07631001	unknown	unknown	Midisport 2x2
0757 Network Technologies, Inc.
0764 Cyber Power System, Inc.
0765 X-Rite Incorporated
0766 Destech Solutions, Inc.
0768 Camtel Technology Corp.
0769 Surecom Technology Corp.
076a Smart Technology Enablers, Inc.
076b Utimaco Safeware AG
076d Denso Corp.
076e Kuan Tech Enterprise Co., Ltd.
076f Jhen Vei Enterprise Co., Ltd.
0774 AmTRAN Technology Co., Ltd.
0775 Longshine Electronics Corp.
0776 Inalways Corp.
0777 Comda Enterprise Corp.
0779 Fairchild Semiconductor
077a Sankyo Seiki Mfg. Co., Ltd.
077b Linksys
077c Forward Electronics Co., Ltd.
	077c0005	unknown	unknown	NEC Keyboard
077f Well Excellent & Most Corp.
0781 SanDisk Corp.
	07810001	unknown	unknown	ImageMate CompactFlash Reader
	07810200	unknown	unknown	SDDR-09-01 ImageMate SmartMedia Reader
0782 Trackerball
0785 NTT-ME
	07850001	isdn	ignore	MN128mini-V ISDN TA
078e Brimax Inc.
0790 Pro-Image Manufacturing Co., Ltd.
0791 Copartner Wire and Cable Mfg. Corp.
0792 Axis Communications AB
0793 Wha Yu Industrial Co., Ltd.
0794 ABL Electronics Corp.
0795 RealChip Inc.
0796 Certicom Corp.
0797 Grandtech Semiconductor Corp.
079d Alfadata Computer Corp.
07a2 National Technical Systems
07a3 Onnto Corp.
07a4 Be Incorporated
07a6 ADMtek Incorporated
	07a60986	ethernet	unknown	AN986 Pegasus Ethernet
07aa Correga K.K.
	07aa0001	ethernet	unknown	Ether USB-T Ethernet [klsi]
	07aa0004	ethernet	unknown	FEther USB-TX Ethernet [pegasus]
07ab Memorex
	07abfc01	unknown	unknown	BBQ Series 100 CD-R/RW
07af Microtech
	07af0004	unknown	unknown	SCSI-DB25 SCSI Bridge [shuttle]
	07af0005	unknown	unknown	SCSI-HD50 SCSI Bridge [shuttle]
	07af0006	unknown	unknown	CameraMate SmartMedia and CompactFlash reader
07b1 IMP, Inc.
07b2 Motorola ING
07b3 Plustek, Inc.
07b4 Olympus Optical Co., Ltd.
07b5 Mega World International Ltd.
07b6 Marubun Corp.
07b7 TIME Interconect Ltd.
07b8 D-Link, Inc.
	07b8abc1	ethernet	unknown	DU-E10 Ethernet [pegasus]
	07b84002	ethernet	unknown	DU-E100 Ethernet [pegasus]
07bc Canon Computer Sytems, Inc.
07bd Webgear Inc.
07be Veridicom
07c4 Simple Technologies, Inc.
	07c4a000	unknown	unknown	Flash Card Reader
07c5 APG Cash Drawer
07c6 Share Wave, Inc.
07c7 Powertech Industrial Co., Ltd.
07c8 B.U.G., Inc.
07c9 Allied Telesyn International
07ca AVerMedia Technologies, Inc.
07cb Kingmax Technology Inc.
07cc SIIG
	07cc0004	unknown	unknown	DigiFilm-Combo Reader
07cf Casio Computer Co., Ltd.
	07cf1001	unknown	unknown	QV-8000SX Digicam
07d1 D-Link System
07d2 Aptio Products Inc.
07d3 Cyberdata Corp.
07d7 GCC Technologies, Inc.
07da Arasan Chip Systems
07e1 Ambient Technologies, Inc.
	07e15201	modem	unknown	V.90 Modem
07e2 Elmeg GmbH & Co., Ltd.
07e3 Planex Communications, Inc.
07e4 Movado Enterprise Co., Ltd.
07e5 QPS, Inc.
07e6 Allied Cable Corp.
07e7 Mirvo Toys, Inc.
07e8 Labsystems
07eb Double-H Technology Co., Ltd.
07ec Taiyo Electrical Wire & Cable Co., Ltd.
07f6 Circuit Assembly Corp
07f7 Century Corp.
0801 Mag-Tek
0802 Tritheim Technologies, Inc.
0803 Zoom Telephonics, Inc.
	08039700	modem	unknown	2986L FaxModem
0809 Genicom Corp.
080a Evermuch Technology Co., Ltd.
080d Teco Image Systems Co., Ltd.
0813 Mattel, Inc.
081e Intelligent Peripheral Devices, Inc.
0822 Reudo Corp.
0825 GC Protronics
0826 Data Transit
0827 BroadLogic, Inc.
0828 Sato Corp.
0829 Telocity, Inc.
082d Handspring
	082d0100	unknown	unknown	Visor
0832 Kouwell Electronics Corp.
0833 Sourcenext Corp.
0835 Action Star Enterprise Co., Ltd.
0839 Samsung Aerospace Industries Ltd.
083a Accton Technology Corp.
	083a1046	ethernet	unknown	10/100 Ethernet [pegasus]
0841 Rioport.com Inc.
	08410001	unknown	unknown	Rio 500
0846 NetGear, Inc.
	08461001	ethernet	unknown	EA101 Ethernet [klsi]
0850 Fast Point Technologies, Inc.
0851 Macronix International Co., Ltd.
0852 CSEM
0854 ActiveWire Inc.
	08540100	unknown	unknown	I/O Board
	08540101	unknown	unknown	I/O Board, rev1
0858 Hitachi Maxell Ltd.
0859 Minolta Systems Laboratory, Inc.
085a Xircom
0862 Teletrol Systems, Inc.
0863 Filanet Corp.
086a Emagic Soft-und Hardware GmbH
086e System TALKS Inc.
086f MEC IMEX Inc/HPT
0870 Metricom
0871 SanDisk, Inc.
	08710001	unknown	unknown	SDDR-01 Compact Flash Reader
	08710002	unknown	unknown	SDDR-31 Compact Flash Reader
	08710005	unknown	unknown	SDDR-05 Compact Flash Reader
0873 Xpeed Inc.
0879 Comtrol Corp.
087c Adesso/Kbtek America Inc.
087d Jaton Corp.
087e Fujitsu Computer Products of America
087f Virtual IP Group, Inc.
0880 APT Technologies Inc.
0883 Recording Industry Association of America (RIAA)
0885 Boca Research, Inc.
0886 XAC Automation Corp.
0887 Hannstar Electronics Corp.
0892 DioGraphy Inc.
089c United Technologies Research Cntr.
089d Icron Systems Inc.
089e NST Co., Ltd.
08a5 e9 Inc.
08a8 Andrea Electronics
08b8 J. Gordon Electronic Design, Inc.
	08b801f4	unknown	unknown	USBSIMM1
08b9 Tandy Corp./Radio Shack
08bb Burr-Brown Japan, Ltd.
08bd Citizen Watch Co., Ltd.
08c4 Proxim, Inc.
08c7 Key Nice Enterprise Co., Ltd.
08c8 2Wire, Inc.
08c9 Nippon Telegraph and Telephone Corp.
08ca AIPTEK International Inc.
08cd Jue Hsun Ind. Corp.
08ce Long Well Electronics Corp.
08cf Productivity Enhancement Products
08d1 smartBridges Pte Ltd.
	08d10001	unknown	unknown	smartNIC PnP Network Adapter
08d3 Virtual Ink
08d4 Siemens PC Systems
08dd Billionton Systems, Inc.
	08dd0986	ethernet	unknown	USB100N Ethernet [pegasus]
08e5 Litronic
08e6 GemPlus
08e7 Pan-International Wire & Cable
08e8 Integrated Memory Logic
08e9 Extended Systems, Inc.
08ea Ericsson Inc., Blue Ridge Labs
08f1 CTI Electronics Corp.
08f5 SYSTEC Co., Ltd.
08f6 Logic 3 International Limited
08f8 Keen Top International Enterprise Co., Ltd.
08f9 EnThink, Inc.
08fa Caere
08fb Socket Communications
08fc Sicon Cable Technology Co. Ltd.
08fd Digianswer A/S
08ff AuthenTec, Inc.
0901 VST Technologies
0906 Faraday Technology Corp.
090a Trumpion Microelectronics Inc.
090b Neurosmith
090c Feiya Technology Corp.
090d Multiport Computer Vertriebs GmbH
090e Shining Technology, Inc.
090f Fujitsu Devices Inc.
0910 Alation Systems, Inc.
0911 Philips Speech Processing
0912 Voquette, Inc.
0915 GlobeSpan, Inc.
0917 SmartDisk Corp.
0920 Echelon Co.
0921 GoHubs, Inc.
0922 Dymo-CoStar Corp.
0923 IC Media Corp.
0924 Xerox
0927 Summus, Ltd.
0928 Oxford Semiconductor Ltd.
0929 American Biometric Company
0930 Toshiba Corp.
0931 Harmonic Data Systems Ltd.
0932 Crescentec Corp.
0933 Quantum Corp.
0934 Netcom Systems
0939 Lumberg, Inc.
093a Pixart Imaging, Inc.
093b Plextor
093e J.S.T. Mfg. Co., Ltd.
093f Olympia Telecom Vertriebs GmbH
0940 Japan Storage Battery Co., Ltd.
0941 Photobit Corp.
0942 i2Go.com, LLC
0943 HCL Technologies India Private Limited
0944 KORG, Inc.
0945 Pasco Scientific
094d Cable Television Laboratories
0951 Kingston Technology
0954 RPM Systems Corp.
0955 NVidia
0956 BlueWater Systems, Inc.
0957 Agilent Technologies, Inc.
0958 CompuLink Research, Inc.
0959 Cologne Chip Designs GmbH
095a Portsmith
095b Medialogic Corp.
095c K-Tec Electronics
095d Polycom, Inc.
0968 Catalyst Enterprises, Inc.
0971 Gretag-Macbeth AG
0973 Schlumberger
0974 Datagraphix, a business unit of Anacomp
0975 OL'E Communications, Inc.
0976 Adirondack Wire & Cable
0977 Lightsurf Technologies
0978 Beckhoff GmbH
0979 Teracom International Inc.
097a Minds At Work LLC
097b Knudsen Engineering Limited
097c Marunix Co., Ltd.
097d Rosun Technologies, Inc.
0981 Oak Technology Ltd.
098c Vitana Corp.
098d INDesign
098e Integrated Intellectual Property Inc.
098f Kenwood TMI Corp.
0996 Integrated Telecom Express, Inc.
09a3 PairGain Technologies
09a4 Contech Research, Inc.
09a5 VCON Telecommunications
09a6 Poinchips
09a7 Data Transmission Network Corp.
09a8 Shinestar Enterprise Co., Ltd.
09a9 Smart Card Technologies Co., Ltd.
09aa Intersil Corp.
09b3 Altius Solutions, Inc.
09b4 MDS Telephone Systems
09b5 Celltrix Technology Co., Ltd.
09c1 Arris Interactive LLC
09c3 ActivCard, INC.
09c4 ACTiSYS Corp.
09c5 Memory Corp.
09cc Workbit Corp.
09cd Psion Dacom Home Networks Ltd.
09ce City Electronics Ltd.
09cf Electronics Testing Center, Taiwan
09d1 NeoMagic Inc.
09d2 Vreelin Engineering Inc.
09d3 Com One
09d9 KRF Tech Ltd.
09da A4 Tech Co., Ltd.
09db ComputerBoards Inc.
09dc Aimex Corp.
09dd Fellowes Manufacturing Co.
09df Addonics Technologies Corp.
09e5 Jo-Dan International, Inc.
09e6 Silutia, Inc.
09e7 Real 3D, Inc.
09e8 AKAI Professional M.I. Corp.
09e9 Chen-Source Inc.
09f5 AresCom
09f6 RocketChips, Inc.
09f7 Edu-Science (H.K.) Ltd.
09f8 SoftConnex
09f9 Bay Associates
09fa Mtek Vision
09fb Altera
09ff Gain Technology Corp.
0a00 Liquid Audio
0a01 ViA, Inc.
0a5c Broadcom Corp.
0a11 Xentec Incorporated
0a12 Cambridge Silicon Radio Ltd.
0a13 Telebyte Inc.
0a14 Spacelabs Medical Inc.
0a15 Scalar Corp.
0a16 Trek Technology (S) PTE Ltd.
0a17 Asahi Optical Co., Ltd.
0a18 Heidelberger Druckmaschinen AG
0a19 Hua Geng Technologies Inc.
0a43 Boca Systems Inc.
0ef7 Tulip Computers International
1046 Creative Labs (?)
	10469967	webcam	unknown	WebCam Go
1063 Motorola
	10631555	unknown	unknown	MC141555 Hub
10ac Honeywell, Inc.
10b5 PLX
	10b59060	unknown	unknown	Test Board
1132 Toshiba
	11324331	unknown	unknown	PDR-M4 Digital Camera
1183 Compaq
	11834008	modem	unknown	56k FaxModem
1190 Tripace
120e Hudson Soft Co., Ltd.
1293 Belkin (?)
	12932101	unknown	unknown	104-key keyboard
13d2 Shark Multimedia
	13d20400	unknown	unknown	Pocket Ethernet [klsi]
1484 Elsa monitor (?)
	14841746	unknown	unknown	Ecomo 19H99 Monitor
	14847616	unknown	unknown	Elsa Hub
1606 Umax
	16060002	unknown	unknown	Astra 1236U
	16060010	unknown	unknown	Astra 1220U
	16060030	unknown	unknown	Astra 2000U
	16062020	unknown	unknown	AstraCam 1000
1608 Inside Out Networks
	16080001	unknown	unknown	EdgePort/4 Serial Port
1645 Entrega
	16450001	unknown	unknown	1S Serial Port
	16450002	unknown	unknown	2S Serial Port
	16450003	unknown	unknown	1S25 Serial Port
	16450004	unknown	unknown	4S Serial Port
	16450005	unknown	unknown	E45 Ethernet [klsi]
	16450006	unknown	unknown	Parallel Port
	16450007	unknown	unknown	U1-SC25 SCSI
	16450093	unknown	unknown	1S9 Serial Port
	16458000	unknown	unknown	EZ-USB
	16458002	unknown	unknown	2x Serial Port
	16458093	unknown	unknown	PortGear Serial Port
1668 Actiontec Electronics, Inc.
2001 D-Link Corp
	20014000	ethernet	unknown	DSB-650C Ethernet [klsi]
	20014001	ethernet	unknown	DSB-650TX Ethernet (?) [pegasus]
	20014002	ethernet	unknown	DSB-650TX Ethernet [pegasus]
	20014003	ethernet	unknown	DSB-650TX-PNA Ethernet [pegasus]
1690 Creative Labs
	16900101	modem	unknown	Modem Blaster DE5670
22b8 Motorola PCS
2304 Pinnacle Systems, Inc.
	23040111	unknown	unknown	Studio PCTV (Pal) Frame Grabber
3923 National Instruments
55aa OnSpec Electronic Inc.
	55aa1234	unknown	unknown	ATAPI Bridge
6666 Eclectic VG
	66660667	unknown	unknown	SmartJoy PSX
8086 Intel Corp.
	80869890	unknown	unknown	82930 Test Board
c251 Keil Software
